// Jest Snapshot v1, https://goo.gl/fbAQLP

exports[`VGrid - basic should render as expected 1`] = `
<div>
  <div
    class="Wrapper-0-2-1 Wrapper-d0-0-2-3 Wrapper"
  >
    <div>
      <div
        class="GridContainer-0-2-4 GridContainer-d0-0-2-8"
      >
        <div
          class="Filler-0-2-12 Filler-d0-0-2-13"
        />
        <div
          class="Item-0-2-5 Item-d1-0-2-9"
          data-uie="item-ungrouped-0"
        >
          <div
            class="Item-0-2-14"
          >
            <div
              class="Inner-0-2-15"
            >
              <ul>
                <li>
                  <b>
                    id
                  </b>
                   : 
                  1
                </li>
                <li>
                  <b>
                    entityid
                  </b>
                   : 
                  ID0
                </li>
                <li>
                  <b>
                    name
                  </b>
                   : 
                  a random, string 0
                </li>
              </ul>
            </div>
          </div>
        </div>
        <div
          class="Item-0-2-5 Item-d1-0-2-9"
          data-uie="item-ungrouped-1"
        >
          <div
            class="Item-0-2-14"
          >
            <div
              class="Inner-0-2-15"
            >
              <ul>
                <li>
                  <b>
                    id
                  </b>
                   : 
                  2
                </li>
                <li>
                  <b>
                    entityid
                  </b>
                   : 
                  ID1
                </li>
                <li>
                  <b>
                    name
                  </b>
                   : 
                  a random, string 1
                </li>
              </ul>
            </div>
          </div>
        </div>
        <div
          class="Item-0-2-5 Item-d1-0-2-9"
          data-uie="item-ungrouped-2"
        >
          <div
            class="Item-0-2-14"
          >
            <div
              class="Inner-0-2-15"
            >
              <ul>
                <li>
                  <b>
                    id
                  </b>
                   : 
                  3
                </li>
                <li>
                  <b>
                    entityid
                  </b>
                   : 
                  ID2
                </li>
                <li>
                  <b>
                    name
                  </b>
                   : 
                  a random, string 2
                </li>
              </ul>
            </div>
          </div>
        </div>
        <div
          class="Item-0-2-5 Item-d1-0-2-9"
          data-uie="item-ungrouped-3"
        >
          <div
            class="Item-0-2-14"
          >
            <div
              class="Inner-0-2-15"
            >
              <ul>
                <li>
                  <b>
                    id
                  </b>
                   : 
                  4
                </li>
                <li>
                  <b>
                    entityid
                  </b>
                   : 
                  ID3
                </li>
                <li>
                  <b>
                    name
                  </b>
                   : 
                  a random, string 3
                </li>
              </ul>
            </div>
          </div>
        </div>
        <div
          class="Item-0-2-5 Item-d1-0-2-9"
          data-uie="item-ungrouped-4"
        >
          <div
            class="Item-0-2-14"
          >
            <div
              class="Inner-0-2-15"
            >
              <ul>
                <li>
                  <b>
                    id
                  </b>
                   : 
                  5
                </li>
                <li>
                  <b>
                    entityid
                  </b>
                   : 
                  ID4
                </li>
                <li>
                  <b>
                    name
                  </b>
                   : 
                  a random, string 4
                </li>
              </ul>
            </div>
          </div>
        </div>
        <div
          class="Item-0-2-5 Item-d1-0-2-9"
          data-uie="item-ungrouped-5"
        >
          <div
            class="Item-0-2-14"
          >
            <div
              class="Inner-0-2-15"
            >
              <ul>
                <li>
                  <b>
                    id
                  </b>
                   : 
                  6
                </li>
                <li>
                  <b>
                    entityid
                  </b>
                   : 
                  ID5
                </li>
                <li>
                  <b>
                    name
                  </b>
                   : 
                  a random, string 5
                </li>
              </ul>
            </div>
          </div>
        </div>
        <div
          class="Item-0-2-5 Item-d1-0-2-9"
          data-uie="item-ungrouped-6"
        >
          <div
            class="Item-0-2-14"
          >
            <div
              class="Inner-0-2-15"
            >
              <ul>
                <li>
                  <b>
                    id
                  </b>
                   : 
                  7
                </li>
                <li>
                  <b>
                    entityid
                  </b>
                   : 
                  ID6
                </li>
                <li>
                  <b>
                    name
                  </b>
                   : 
                  a random, string 6
                </li>
              </ul>
            </div>
          </div>
        </div>
        <div
          class="Item-0-2-5 Item-d1-0-2-9"
          data-uie="item-ungrouped-7"
        >
          <div
            class="Item-0-2-14"
          >
            <div
              class="Inner-0-2-15"
            >
              <ul>
                <li>
                  <b>
                    id
                  </b>
                   : 
                  8
                </li>
                <li>
                  <b>
                    entityid
                  </b>
                   : 
                  ID7
                </li>
                <li>
                  <b>
                    name
                  </b>
                   : 
                  a random, string 7
                </li>
              </ul>
            </div>
          </div>
        </div>
        <div
          class="Item-0-2-5 Item-d1-0-2-9"
          data-uie="item-ungrouped-8"
        >
          <div
            class="Item-0-2-14"
          >
            <div
              class="Inner-0-2-15"
            >
              <ul>
                <li>
                  <b>
                    id
                  </b>
                   : 
                  9
                </li>
                <li>
                  <b>
                    entityid
                  </b>
                   : 
                  ID8
                </li>
                <li>
                  <b>
                    name
                  </b>
                   : 
                  a random, string 8
                </li>
              </ul>
            </div>
          </div>
        </div>
        <div
          class="Item-0-2-5 Item-d1-0-2-9"
          data-uie="item-ungrouped-9"
        >
          <div
            class="Item-0-2-14"
          >
            <div
              class="Inner-0-2-15"
            >
              <ul>
                <li>
                  <b>
                    id
                  </b>
                   : 
                  10
                </li>
                <li>
                  <b>
                    entityid
                  </b>
                   : 
                  ID9
                </li>
                <li>
                  <b>
                    name
                  </b>
                   : 
                  a random, string 9
                </li>
              </ul>
            </div>
          </div>
        </div>
        <div
          class="Item-0-2-5 Item-d1-0-2-9"
          data-uie="item-ungrouped-10"
        >
          <div
            class="Item-0-2-14"
          >
            <div
              class="Inner-0-2-15"
            >
              <ul>
                <li>
                  <b>
                    id
                  </b>
                   : 
                  11
                </li>
                <li>
                  <b>
                    entityid
                  </b>
                   : 
                  ID10
                </li>
                <li>
                  <b>
                    name
                  </b>
                   : 
                  a random, string 10
                </li>
              </ul>
            </div>
          </div>
        </div>
        <div
          class="Item-0-2-5 Item-d1-0-2-9"
          data-uie="item-ungrouped-11"
        >
          <div
            class="Item-0-2-14"
          >
            <div
              class="Inner-0-2-15"
            >
              <ul>
                <li>
                  <b>
                    id
                  </b>
                   : 
                  12
                </li>
                <li>
                  <b>
                    entityid
                  </b>
                   : 
                  ID11
                </li>
                <li>
                  <b>
                    name
                  </b>
                   : 
                  a random, string 11
                </li>
              </ul>
            </div>
          </div>
        </div>
        <div
          class="Item-0-2-5 Item-d1-0-2-9"
          data-uie="item-ungrouped-12"
        >
          <div
            class="Item-0-2-14"
          >
            <div
              class="Inner-0-2-15"
            >
              <ul>
                <li>
                  <b>
                    id
                  </b>
                   : 
                  13
                </li>
                <li>
                  <b>
                    entityid
                  </b>
                   : 
                  ID12
                </li>
                <li>
                  <b>
                    name
                  </b>
                   : 
                  a random, string 12
                </li>
              </ul>
            </div>
          </div>
        </div>
        <div
          class="Item-0-2-5 Item-d1-0-2-9"
          data-uie="item-ungrouped-13"
        >
          <div
            class="Item-0-2-14"
          >
            <div
              class="Inner-0-2-15"
            >
              <ul>
                <li>
                  <b>
                    id
                  </b>
                   : 
                  14
                </li>
                <li>
                  <b>
                    entityid
                  </b>
                   : 
                  ID13
                </li>
                <li>
                  <b>
                    name
                  </b>
                   : 
                  a random, string 13
                </li>
              </ul>
            </div>
          </div>
        </div>
        <div
          class="Item-0-2-5 Item-d1-0-2-9"
          data-uie="item-ungrouped-14"
        >
          <div
            class="Item-0-2-14"
          >
            <div
              class="Inner-0-2-15"
            >
              <ul>
                <li>
                  <b>
                    id
                  </b>
                   : 
                  15
                </li>
                <li>
                  <b>
                    entityid
                  </b>
                   : 
                  ID14
                </li>
                <li>
                  <b>
                    name
                  </b>
                   : 
                  a random, string 14
                </li>
              </ul>
            </div>
          </div>
        </div>
        <div
          class="Item-0-2-5 Item-d1-0-2-9"
          data-uie="item-ungrouped-15"
        >
          <div
            class="Item-0-2-14"
          >
            <div
              class="Inner-0-2-15"
            >
              <ul>
                <li>
                  <b>
                    id
                  </b>
                   : 
                  16
                </li>
                <li>
                  <b>
                    entityid
                  </b>
                   : 
                  ID15
                </li>
                <li>
                  <b>
                    name
                  </b>
                   : 
                  a random, string 15
                </li>
              </ul>
            </div>
          </div>
        </div>
        <div
          class="Item-0-2-5 Item-d1-0-2-9"
          data-uie="item-ungrouped-16"
        >
          <div
            class="Item-0-2-14"
          >
            <div
              class="Inner-0-2-15"
            >
              <ul>
                <li>
                  <b>
                    id
                  </b>
                   : 
                  17
                </li>
                <li>
                  <b>
                    entityid
                  </b>
                   : 
                  ID16
                </li>
                <li>
                  <b>
                    name
                  </b>
                   : 
                  a random, string 16
                </li>
              </ul>
            </div>
          </div>
        </div>
        <div
          class="Item-0-2-5 Item-d1-0-2-9"
          data-uie="item-ungrouped-17"
        >
          <div
            class="Item-0-2-14"
          >
            <div
              class="Inner-0-2-15"
            >
              <ul>
                <li>
                  <b>
                    id
                  </b>
                   : 
                  18
                </li>
                <li>
                  <b>
                    entityid
                  </b>
                   : 
                  ID17
                </li>
                <li>
                  <b>
                    name
                  </b>
                   : 
                  a random, string 17
                </li>
              </ul>
            </div>
          </div>
        </div>
        <div
          class="Item-0-2-5 Item-d1-0-2-9"
          data-uie="item-ungrouped-18"
        >
          <div
            class="Item-0-2-14"
          >
            <div
              class="Inner-0-2-15"
            >
              <ul>
                <li>
                  <b>
                    id
                  </b>
                   : 
                  19
                </li>
                <li>
                  <b>
                    entityid
                  </b>
                   : 
                  ID18
                </li>
                <li>
                  <b>
                    name
                  </b>
                   : 
                  a random, string 18
                </li>
              </ul>
            </div>
          </div>
        </div>
        <div
          class="Item-0-2-5 Item-d1-0-2-9"
          data-uie="item-ungrouped-19"
        >
          <div
            class="Item-0-2-14"
          >
            <div
              class="Inner-0-2-15"
            >
              <ul>
                <li>
                  <b>
                    id
                  </b>
                   : 
                  20
                </li>
                <li>
                  <b>
                    entityid
                  </b>
                   : 
                  ID19
                </li>
                <li>
                  <b>
                    name
                  </b>
                   : 
                  a random, string 19
                </li>
              </ul>
            </div>
          </div>
        </div>
        <div
          class="Filler-0-2-12 Filler-d1-0-2-16"
        />
      </div>
    </div>
  </div>
</div>
`;
